error: item is not public
  --> tests/ui/missing_pub.rs:4:1
   |
LL | struct StructB;
   | ^ help: make this item public: `pub`
   |
   = note: `-D clippy::missing-pub` implied by `-D warnings`
   = help: to override `-D warnings` add `#[allow(clippy::missing_pub)]`

error: item is not public
  --> tests/ui/missing_pub.rs:7:1
   |
LL | fn function_a() {}
   | ^ help: make this item public: `pub`

error: item is not public
  --> tests/ui/missing_pub.rs:11:1
   |
LL | trait TraitA {}
   | ^ help: make this item public: `pub`

error: item is not public
  --> tests/ui/missing_pub.rs:15:1
   |
LL | mod module_a {}
   | ^ help: make this item public: `pub`

error: item is not public
  --> tests/ui/missing_pub.rs:17:1
   |
LL | pub(crate) mod module_b {}
   | ^^^^^^^^^^ help: make this item public: `pub`

error: item is not public
  --> tests/ui/missing_pub.rs:21:1
   |
LL | static STATIC_A: () = ();
   | ^ help: make this item public: `pub`

error: item is not public
  --> tests/ui/missing_pub.rs:25:1
   |
LL | const CONST_A: () = ();
   | ^ help: make this item public: `pub`

error: item is not public
  --> tests/ui/missing_pub.rs:29:1
   |
LL | fn main() {}
   | ^ help: make this item public: `pub`

error: aborting due to 8 previous errors

