error: lint `clippy::safe_fn` has been renamed to `clippy::safe_code`
   |
   = help: use the new name `clippy::safe_code`
   = note: requested on the command line with `-D clippy::safe_fn`
   = note: `-D renamed-and-removed-lints` implied by `-D warnings`
   = help: to override `-D warnings` add `#[allow(renamed_and_removed_lints)]`

error: lint `clippy::safe_fn` has been renamed to `clippy::safe_code`
   |
   = help: use the new name `clippy::safe_code`
   = note: requested on the command line with `-D clippy::safe_fn`
   = note: duplicate diagnostic emitted due to `-Z deduplicate-diagnostics=no`

error: item must be `pub`
  --> tests/ui/needless_bitwise_bool.rs:4:1
   |
LL | fn returns_bool() -> bool {
   | ^ help: make this item public: `pub`
   |
   = note: requested on the command line with `-D clippy::missing-pub`

error: function must be `unsafe`
  --> tests/ui/needless_bitwise_bool.rs:4:1
   |
LL | fn returns_bool() -> bool {
   | ^
   |
help: make this function unsafe: `unsafe`
  --> tests/ui/needless_bitwise_bool.rs:4:1
   |
LL | fn returns_bool() -> bool {
   | ^
   = note: `-D clippy::safe-code` implied by `-D clippy::safe-fn`
   = help: to override `-D clippy::safe-fn` add `#[allow(clippy::safe_code)]`

error: item must be `pub`
  --> tests/ui/needless_bitwise_bool.rs:8:1
   |
LL | const fn const_returns_bool() -> bool {
   | ^ help: make this item public: `pub`

error: function must be `unsafe`
  --> tests/ui/needless_bitwise_bool.rs:8:7
   |
LL | const fn const_returns_bool() -> bool {
   |       ^
   |
help: make this function unsafe: `unsafe`
  --> tests/ui/needless_bitwise_bool.rs:8:7
   |
LL | const fn const_returns_bool() -> bool {
   |       ^

error: item must be `pub`
  --> tests/ui/needless_bitwise_bool.rs:12:1
   |
LL | fn main() {
   | ^ help: make this item public: `pub`

error: function must be `unsafe`
  --> tests/ui/needless_bitwise_bool.rs:12:1
   |
LL | fn main() {
   | ^
   |
help: make this function unsafe: `unsafe`
  --> tests/ui/needless_bitwise_bool.rs:12:1
   |
LL | fn main() {
   | ^

error: variable must be `mut`
  --> tests/ui/needless_bitwise_bool.rs:13:10
   |
LL |     let (x, y) = (false, true);
   |          ^ help: make this variable mutable: `mut`
   |
   = note: requested on the command line with `-D clippy::missing-mut`

error: variable must be `mut`
  --> tests/ui/needless_bitwise_bool.rs:13:13
   |
LL |     let (x, y) = (false, true);
   |             ^ help: make this variable mutable: `mut`

error: lint `clippy::safe_fn` has been renamed to `clippy::safe_code`
   |
   = help: use the new name `clippy::safe_code`
   = note: requested on the command line with `-D clippy::safe_fn`
   = note: duplicate diagnostic emitted due to `-Z deduplicate-diagnostics=no`

error: missing `#![no_std]`
   |
   = help: make this crate `#![no_std]`
   = note: requested on the command line with `-D clippy::missing-no-std`

error: aborting due to 12 previous errors

