error: lint `clippy::safe_fn` has been renamed to `clippy::safe_code`
   |
   = help: use the new name `clippy::safe_code`
   = note: requested on the command line with `-D clippy::safe_fn`
   = note: `-D renamed-and-removed-lints` implied by `-D warnings`
   = help: to override `-D warnings` add `#[allow(renamed_and_removed_lints)]`

error: lint `clippy::safe_fn` has been renamed to `clippy::safe_code`
   |
   = help: use the new name `clippy::safe_code`
   = note: requested on the command line with `-D clippy::safe_fn`
   = note: duplicate diagnostic emitted due to `-Z deduplicate-diagnostics=no`

error: item must be `pub`
  --> tests/ui/repeat_vec_with_capacity_nostd.rs:5:1
   |
LL | extern crate alloc;
   | ^ help: make this item public: `pub`
   |
   = note: requested on the command line with `-D clippy::missing-pub`

error: item must be `pub`
  --> tests/ui/repeat_vec_with_capacity_nostd.rs:8:1
   |
LL | fn nostd() {
   | ^ help: make this item public: `pub`

error: function must be `unsafe`
  --> tests/ui/repeat_vec_with_capacity_nostd.rs:8:1
   |
LL | fn nostd() {
   | ^
   |
help: make this function unsafe: `unsafe`
  --> tests/ui/repeat_vec_with_capacity_nostd.rs:8:1
   |
LL | fn nostd() {
   | ^
   = note: `-D clippy::safe-code` implied by `-D clippy::safe-fn`
   = help: to override `-D clippy::safe-fn` add `#[allow(clippy::safe_code)]`

error: lint `clippy::safe_fn` has been renamed to `clippy::safe_code`
   |
   = help: use the new name `clippy::safe_code`
   = note: requested on the command line with `-D clippy::safe_fn`
   = note: duplicate diagnostic emitted due to `-Z deduplicate-diagnostics=no`

error: aborting due to 6 previous errors

