error: lint `clippy::safe_fn` has been renamed to `clippy::safe_code`
   |
   = help: use the new name `clippy::safe_code`
   = note: requested on the command line with `-D clippy::safe_fn`
   = note: `-D renamed-and-removed-lints` implied by `-D warnings`
   = help: to override `-D warnings` add `#[allow(renamed_and_removed_lints)]`

error: lint `clippy::safe_fn` has been renamed to `clippy::safe_code`
   |
   = help: use the new name `clippy::safe_code`
   = note: requested on the command line with `-D clippy::safe_fn`
   = note: duplicate diagnostic emitted due to `-Z deduplicate-diagnostics=no`

error: item must be `pub`
  --> tests/ui/string_add_assign.rs:3:1
   |
LL | fn main() {
   | ^ help: make this item public: `pub`
   |
   = note: requested on the command line with `-D clippy::missing-pub`

error: function must be `unsafe`
  --> tests/ui/string_add_assign.rs:3:1
   |
LL | fn main() {
   | ^
   |
help: make this function unsafe: `unsafe`
  --> tests/ui/string_add_assign.rs:3:1
   |
LL | fn main() {
   | ^
   = note: `-D clippy::safe-code` implied by `-D clippy::safe-fn`
   = help: to override `-D clippy::safe-fn` add `#[allow(clippy::safe_code)]`

error: variable must be `mut`
  --> tests/ui/string_add_assign.rs:13:9
   |
LL |     let y = String::new();
   |         ^ help: make this variable mutable: `mut`
   |
   = note: requested on the command line with `-D clippy::missing-mut`

error: variable must be `mut`
  --> tests/ui/string_add_assign.rs:14:9
   |
LL |     let z = y + "...";
   |         ^ help: make this variable mutable: `mut`

error: references are not allowed
  --> tests/ui/string_add_assign.rs:16:5
   |
LL |     assert_eq!(&x, &z);
   |     ^^^^^^^^^^^^^^^^^^
   |
   = help: use a raw borrowing instead: `&raw const`
   = note: requested on the command line with `-D clippy::reference-used`
   = note: this error originates in the macro `assert_eq` (in Nightly builds, run with -Z macro-backtrace for more info)

error: references are not allowed
  --> tests/ui/string_add_assign.rs:16:16
   |
LL |     assert_eq!(&x, &z);
   |                ^^
   |
   = help: use a raw borrowing instead: `&raw const`

error: references are not allowed
  --> tests/ui/string_add_assign.rs:16:5
   |
LL |     assert_eq!(&x, &z);
   |     ^^^^^^^^^^^^^^^^^^
   |
   = help: use a raw borrowing instead: `&raw const`
   = note: this error originates in the macro `assert_eq` (in Nightly builds, run with -Z macro-backtrace for more info)

error: references are not allowed
  --> tests/ui/string_add_assign.rs:16:20
   |
LL |     assert_eq!(&x, &z);
   |                    ^^
   |
   = help: use a raw borrowing instead: `&raw const`

error: variable must be `mut`
  --> tests/ui/string_add_assign.rs:16:5
   |
LL |     assert_eq!(&x, &z);
   |     ^^^^^^^^^^^^^^^^^^
   |
   = note: this error originates in the macro `assert_eq` (in Nightly builds, run with -Z macro-backtrace for more info)

error: references are not allowed
  --> tests/ui/string_add_assign.rs:16:5
   |
LL |     assert_eq!(&x, &z);
   |     ^^^^^^^^^^^^^^^^^^
   |
   = help: use a raw borrowing instead: `&raw const`
   = note: this error originates in the macro `assert_eq` (in Nightly builds, run with -Z macro-backtrace for more info)

error: references are not allowed
  --> tests/ui/string_add_assign.rs:16:5
   |
LL |     assert_eq!(&x, &z);
   |     ^^^^^^^^^^^^^^^^^^
   |
   = help: use a raw borrowing instead: `&raw const`
   = note: this error originates in the macro `assert_eq` (in Nightly builds, run with -Z macro-backtrace for more info)

error: references are not allowed
  --> tests/ui/string_add_assign.rs:21:5
   |
LL |     assert_eq!(2, x);
   |     ^^^^^^^^^^^^^^^^
   |
   = help: use a raw borrowing instead: `&raw const`
   = note: this error originates in the macro `assert_eq` (in Nightly builds, run with -Z macro-backtrace for more info)

error: references are not allowed
  --> tests/ui/string_add_assign.rs:21:5
   |
LL |     assert_eq!(2, x);
   |     ^^^^^^^^^^^^^^^^
   |
   = help: use a raw borrowing instead: `&raw const`
   = note: this error originates in the macro `assert_eq` (in Nightly builds, run with -Z macro-backtrace for more info)

error: variable must be `mut`
  --> tests/ui/string_add_assign.rs:21:5
   |
LL |     assert_eq!(2, x);
   |     ^^^^^^^^^^^^^^^^
   |
   = note: this error originates in the macro `assert_eq` (in Nightly builds, run with -Z macro-backtrace for more info)

error: references are not allowed
  --> tests/ui/string_add_assign.rs:21:5
   |
LL |     assert_eq!(2, x);
   |     ^^^^^^^^^^^^^^^^
   |
   = help: use a raw borrowing instead: `&raw const`
   = note: this error originates in the macro `assert_eq` (in Nightly builds, run with -Z macro-backtrace for more info)

error: references are not allowed
  --> tests/ui/string_add_assign.rs:21:5
   |
LL |     assert_eq!(2, x);
   |     ^^^^^^^^^^^^^^^^
   |
   = help: use a raw borrowing instead: `&raw const`
   = note: this error originates in the macro `assert_eq` (in Nightly builds, run with -Z macro-backtrace for more info)

error: lint `clippy::safe_fn` has been renamed to `clippy::safe_code`
   |
   = help: use the new name `clippy::safe_code`
   = note: requested on the command line with `-D clippy::safe_fn`
   = note: duplicate diagnostic emitted due to `-Z deduplicate-diagnostics=no`

error: missing `#![no_std]`
   |
   = help: make this crate `#![no_std]`
   = note: requested on the command line with `-D clippy::missing-no-std`

error: aborting due to 20 previous errors

