error: lint `clippy::safe_fn` has been renamed to `clippy::safe_code`
   |
   = help: use the new name `clippy::safe_code`
   = note: requested on the command line with `-D clippy::safe_fn`
   = note: `-D renamed-and-removed-lints` implied by `-D warnings`
   = help: to override `-D warnings` add `#[allow(renamed_and_removed_lints)]`

error: lint `clippy::safe_fn` has been renamed to `clippy::safe_code`
   |
   = help: use the new name `clippy::safe_code`
   = note: requested on the command line with `-D clippy::safe_fn`
   = note: duplicate diagnostic emitted due to `-Z deduplicate-diagnostics=no`

error: trait must be `unsafe`
  --> tests/ui/type_id_on_box_unfixable.rs:6:1
   |
LL | trait AnySubTrait: Any {}
   | ^^^^^^^^^^^^^^^^^^^^^^^^^
   |
   = help: make this trait unsafe: `unsafe trait`
   = note: `-D clippy::safe-code` implied by `-D clippy::safe-fn`
   = help: to override `-D clippy::safe-fn` add `#[allow(clippy::safe_code)]`

error: item must be `pub`
  --> tests/ui/type_id_on_box_unfixable.rs:6:1
   |
LL | trait AnySubTrait: Any {}
   | ^ help: make this item public: `pub`
   |
   = note: requested on the command line with `-D clippy::missing-pub`

error: item must be `pub`
  --> tests/ui/type_id_on_box_unfixable.rs:7:1
   |
LL | impl<T: Any> AnySubTrait for T {}
   | ^ help: make this item public: `pub`

error: trait must be `unsafe`
  --> tests/ui/type_id_on_box_unfixable.rs:10:1
   |
LL | trait AnySubSubTrait: AnySubTrait {}
   | ^^^^^^^^^^^^^^^^^^^^^^^^^^^^^^^^^^^^
   |
   = help: make this trait unsafe: `unsafe trait`

error: item must be `pub`
  --> tests/ui/type_id_on_box_unfixable.rs:10:1
   |
LL | trait AnySubSubTrait: AnySubTrait {}
   | ^ help: make this item public: `pub`

error: item must be `pub`
  --> tests/ui/type_id_on_box_unfixable.rs:11:1
   |
LL | impl<T: AnySubTrait> AnySubSubTrait for T {}
   | ^ help: make this item public: `pub`

error: trait must be `unsafe`
  --> tests/ui/type_id_on_box_unfixable.rs:14:1
   |
LL | / trait NormalTrait
LL | | where
LL | |     i32: Any,
LL | | {
LL | | }
   | |_^
   |
   = help: make this trait unsafe: `unsafe trait`

error: item must be `pub`
  --> tests/ui/type_id_on_box_unfixable.rs:14:1
   |
LL | trait NormalTrait
   | ^ help: make this item public: `pub`

error: item must be `pub`
  --> tests/ui/type_id_on_box_unfixable.rs:19:1
   |
LL | impl<T> NormalTrait for T {}
   | ^ help: make this item public: `pub`

error: item must be `pub`
  --> tests/ui/type_id_on_box_unfixable.rs:21:1
   |
LL | fn main() {
   | ^ help: make this item public: `pub`

error: function must be `unsafe`
  --> tests/ui/type_id_on_box_unfixable.rs:21:1
   |
LL | fn main() {
   | ^
   |
help: make this function unsafe: `unsafe`
  --> tests/ui/type_id_on_box_unfixable.rs:21:1
   |
LL | fn main() {
   | ^

error: variable must be `mut`
  --> tests/ui/type_id_on_box_unfixable.rs:24:9
   |
LL |     let b: Box<dyn AnySubSubTrait> = Box::new(1);
   |         ^ help: make this variable mutable: `mut`
   |
   = note: requested on the command line with `-D clippy::missing-mut`

error: variable must be `mut`
  --> tests/ui/type_id_on_box_unfixable.rs:28:9
   |
LL |     let b: Box<dyn NormalTrait> = Box::new(1);
   |         ^ help: make this variable mutable: `mut`

error: lint `clippy::safe_fn` has been renamed to `clippy::safe_code`
   |
   = help: use the new name `clippy::safe_code`
   = note: requested on the command line with `-D clippy::safe_fn`
   = note: duplicate diagnostic emitted due to `-Z deduplicate-diagnostics=no`

error: missing `#![no_std]`
   |
   = help: make this crate `#![no_std]`
   = note: requested on the command line with `-D clippy::missing-no-std`

error: aborting due to 17 previous errors

