error: lint `clippy::safe_fn` has been renamed to `clippy::safe_code`
   |
   = help: use the new name `clippy::safe_code`
   = note: requested on the command line with `-D clippy::safe_fn`
   = note: `-D renamed-and-removed-lints` implied by `-D warnings`
   = help: to override `-D warnings` add `#[allow(renamed_and_removed_lints)]`

error: lint `clippy::safe_fn` has been renamed to `clippy::safe_code`
   |
   = help: use the new name `clippy::safe_code`
   = note: requested on the command line with `-D clippy::safe_fn`
   = note: duplicate diagnostic emitted due to `-Z deduplicate-diagnostics=no`

error: item must be `pub`
  --> tests/ui/upper_case_acronyms.rs:3:1
   |
LL | struct HTTPResponse; // not linted by default, but with cfg option
   | ^ help: make this item public: `pub`
   |
   = note: requested on the command line with `-D clippy::missing-pub`

error: item must be `pub`
  --> tests/ui/upper_case_acronyms.rs:5:1
   |
LL | struct CString; // not linted
   | ^ help: make this item public: `pub`

error: item must be `pub`
  --> tests/ui/upper_case_acronyms.rs:7:1
   |
LL | enum Flags {
   | ^ help: make this item public: `pub`

error: item must be `pub`
  --> tests/ui/upper_case_acronyms.rs:29:1
   |
LL | struct GCCLLVMSomething;
   | ^ help: make this item public: `pub`

error: item must be `pub`
  --> tests/ui/upper_case_acronyms.rs:43:1
   |
LL | enum ParseErrorPrivate<T> {
   | ^ help: make this item public: `pub`

error: item must be `pub`
  --> tests/ui/upper_case_acronyms.rs:51:1
   |
LL | struct JSON;
   | ^ help: make this item public: `pub`

error: item must be `pub`
  --> tests/ui/upper_case_acronyms.rs:55:1
   |
LL | enum YAML {
   | ^ help: make this item public: `pub`

error: item must be `pub`
  --> tests/ui/upper_case_acronyms.rs:62:1
   |
LL | enum AllowOnField {
   | ^ help: make this item public: `pub`

error: item must be `pub`
  --> tests/ui/upper_case_acronyms.rs:69:1
   |
LL | fn main() {}
   | ^ help: make this item public: `pub`

error: function must be `unsafe`
  --> tests/ui/upper_case_acronyms.rs:69:1
   |
LL | fn main() {}
   | ^
   |
help: make this function unsafe: `unsafe`
  --> tests/ui/upper_case_acronyms.rs:69:1
   |
LL | fn main() {}
   | ^
   = note: `-D clippy::safe-code` implied by `-D clippy::safe-fn`
   = help: to override `-D clippy::safe-fn` add `#[allow(clippy::safe_code)]`

error: lint `clippy::safe_fn` has been renamed to `clippy::safe_code`
   |
   = help: use the new name `clippy::safe_code`
   = note: requested on the command line with `-D clippy::safe_fn`
   = note: duplicate diagnostic emitted due to `-Z deduplicate-diagnostics=no`

error: missing `#![no_std]`
   |
   = help: make this crate `#![no_std]`
   = note: requested on the command line with `-D clippy::missing-no-std`

error: aborting due to 14 previous errors

