error: lint `clippy::safe_fn` has been renamed to `clippy::safe_code`
   |
   = help: use the new name `clippy::safe_code`
   = note: requested on the command line with `-D clippy::safe_fn`
   = note: `-D renamed-and-removed-lints` implied by `-D warnings`
   = help: to override `-D warnings` add `#[allow(renamed_and_removed_lints)]`

error: lint `clippy::safe_fn` has been renamed to `clippy::safe_code`
   |
   = help: use the new name `clippy::safe_code`
   = note: requested on the command line with `-D clippy::safe_fn`
   = note: duplicate diagnostic emitted due to `-Z deduplicate-diagnostics=no`

error: item must be `pub`
  --> tests/ui/doc/doc-fixable.rs:25:1
   |
LL | fn foo_bar() {
   | ^ help: make this item public: `pub`
   |
   = note: requested on the command line with `-D clippy::missing-pub`

error: function must be `unsafe`
  --> tests/ui/doc/doc-fixable.rs:25:1
   |
LL | fn foo_bar() {
   | ^
   |
help: make this function unsafe: `unsafe`
  --> tests/ui/doc/doc-fixable.rs:25:1
   |
LL | fn foo_bar() {
   | ^
   = note: `-D clippy::safe-code` implied by `-D clippy::safe-fn`
   = help: to override `-D clippy::safe-fn` add `#[allow(clippy::safe_code)]`

error: item must be `pub`
  --> tests/ui/doc/doc-fixable.rs:40:1
   |
LL | fn multiline_codeblock() {
   | ^ help: make this item public: `pub`

error: function must be `unsafe`
  --> tests/ui/doc/doc-fixable.rs:40:1
   |
LL | fn multiline_codeblock() {
   | ^
   |
help: make this function unsafe: `unsafe`
  --> tests/ui/doc/doc-fixable.rs:40:1
   |
LL | fn multiline_codeblock() {
   | ^

error: item must be `pub`
  --> tests/ui/doc/doc-fixable.rs:48:1
   |
LL | fn test_emphasis() {
   | ^ help: make this item public: `pub`

error: function must be `unsafe`
  --> tests/ui/doc/doc-fixable.rs:48:1
   |
LL | fn test_emphasis() {
   | ^
   |
help: make this function unsafe: `unsafe`
  --> tests/ui/doc/doc-fixable.rs:48:1
   |
LL | fn test_emphasis() {
   | ^

error: item must be `pub`
  --> tests/ui/doc/doc-fixable.rs:63:1
   |
LL | fn test_units() {
   | ^ help: make this item public: `pub`

error: function must be `unsafe`
  --> tests/ui/doc/doc-fixable.rs:63:1
   |
LL | fn test_units() {
   | ^
   |
help: make this function unsafe: `unsafe`
  --> tests/ui/doc/doc-fixable.rs:63:1
   |
LL | fn test_units() {
   | ^

error: item must be `pub`
  --> tests/ui/doc/doc-fixable.rs:92:1
   |
LL | fn test_allowed() {
   | ^ help: make this item public: `pub`

error: function must be `unsafe`
  --> tests/ui/doc/doc-fixable.rs:92:1
   |
LL | fn test_allowed() {
   | ^
   |
help: make this function unsafe: `unsafe`
  --> tests/ui/doc/doc-fixable.rs:92:1
   |
LL | fn test_allowed() {
   | ^

error: item must be `pub`
  --> tests/ui/doc/doc-fixable.rs:110:1
   |
LL | fn main() {
   | ^ help: make this item public: `pub`

error: function must be `unsafe`
  --> tests/ui/doc/doc-fixable.rs:110:1
   |
LL | fn main() {
   | ^
   |
help: make this function unsafe: `unsafe`
  --> tests/ui/doc/doc-fixable.rs:110:1
   |
LL | fn main() {
   | ^

error: item must be `pub`
  --> tests/ui/doc/doc-fixable.rs:128:1
   |
LL | fn issue897() {
   | ^ help: make this item public: `pub`

error: function must be `unsafe`
  --> tests/ui/doc/doc-fixable.rs:128:1
   |
LL | fn issue897() {
   | ^
   |
help: make this function unsafe: `unsafe`
  --> tests/ui/doc/doc-fixable.rs:128:1
   |
LL | fn issue897() {
   | ^

error: item must be `pub`
  --> tests/ui/doc/doc-fixable.rs:136:1
   |
LL | fn issue900() {
   | ^ help: make this item public: `pub`

error: function must be `unsafe`
  --> tests/ui/doc/doc-fixable.rs:136:1
   |
LL | fn issue900() {
   | ^
   |
help: make this function unsafe: `unsafe`
  --> tests/ui/doc/doc-fixable.rs:136:1
   |
LL | fn issue900() {
   | ^

error: item must be `pub`
  --> tests/ui/doc/doc-fixable.rs:150:1
   |
LL | fn issue883() {
   | ^ help: make this item public: `pub`

error: function must be `unsafe`
  --> tests/ui/doc/doc-fixable.rs:150:1
   |
LL | fn issue883() {
   | ^
   |
help: make this function unsafe: `unsafe`
  --> tests/ui/doc/doc-fixable.rs:150:1
   |
LL | fn issue883() {
   | ^

error: item must be `pub`
  --> tests/ui/doc/doc-fixable.rs:157:1
   |
LL | fn multiline() {
   | ^ help: make this item public: `pub`

error: function must be `unsafe`
  --> tests/ui/doc/doc-fixable.rs:157:1
   |
LL | fn multiline() {
   | ^
   |
help: make this function unsafe: `unsafe`
  --> tests/ui/doc/doc-fixable.rs:157:1
   |
LL | fn multiline() {
   | ^

error: item must be `pub`
  --> tests/ui/doc/doc-fixable.rs:171:1
   |
LL | fn issue1073() {
   | ^ help: make this item public: `pub`

error: function must be `unsafe`
  --> tests/ui/doc/doc-fixable.rs:171:1
   |
LL | fn issue1073() {
   | ^
   |
help: make this function unsafe: `unsafe`
  --> tests/ui/doc/doc-fixable.rs:171:1
   |
LL | fn issue1073() {
   | ^

error: item must be `pub`
  --> tests/ui/doc/doc-fixable.rs:185:1
   |
LL | fn issue1073_alt() {
   | ^ help: make this item public: `pub`

error: function must be `unsafe`
  --> tests/ui/doc/doc-fixable.rs:185:1
   |
LL | fn issue1073_alt() {
   | ^
   |
help: make this function unsafe: `unsafe`
  --> tests/ui/doc/doc-fixable.rs:185:1
   |
LL | fn issue1073_alt() {
   | ^

error: item must be `pub`
  --> tests/ui/doc/doc-fixable.rs:196:1
   |
LL | fn four_quotes() {
   | ^ help: make this item public: `pub`

error: function must be `unsafe`
  --> tests/ui/doc/doc-fixable.rs:196:1
   |
LL | fn four_quotes() {
   | ^
   |
help: make this function unsafe: `unsafe`
  --> tests/ui/doc/doc-fixable.rs:196:1
   |
LL | fn four_quotes() {
   | ^

error: item must be `pub`
  --> tests/ui/doc/doc-fixable.rs:206:1
   |
LL | fn issue_1469() {}
   | ^ help: make this item public: `pub`

error: function must be `unsafe`
  --> tests/ui/doc/doc-fixable.rs:206:1
   |
LL | fn issue_1469() {}
   | ^
   |
help: make this function unsafe: `unsafe`
  --> tests/ui/doc/doc-fixable.rs:206:1
   |
LL | fn issue_1469() {}
   | ^

error: item must be `pub`
  --> tests/ui/doc/doc-fixable.rs:212:1
   |
LL | fn issue_1920() {}
   | ^ help: make this item public: `pub`

error: function must be `unsafe`
  --> tests/ui/doc/doc-fixable.rs:212:1
   |
LL | fn issue_1920() {}
   | ^
   |
help: make this function unsafe: `unsafe`
  --> tests/ui/doc/doc-fixable.rs:212:1
   |
LL | fn issue_1920() {}
   | ^

error: item must be `pub`
  --> tests/ui/doc/doc-fixable.rs:217:1
   |
LL | fn issue_2210() {}
   | ^ help: make this item public: `pub`

error: function must be `unsafe`
  --> tests/ui/doc/doc-fixable.rs:217:1
   |
LL | fn issue_2210() {}
   | ^
   |
help: make this function unsafe: `unsafe`
  --> tests/ui/doc/doc-fixable.rs:217:1
   |
LL | fn issue_2210() {}
   | ^

error: item must be `pub`
  --> tests/ui/doc/doc-fixable.rs:221:1
   |
LL | fn issue_2343() {}
   | ^ help: make this item public: `pub`

error: function must be `unsafe`
  --> tests/ui/doc/doc-fixable.rs:221:1
   |
LL | fn issue_2343() {}
   | ^
   |
help: make this function unsafe: `unsafe`
  --> tests/ui/doc/doc-fixable.rs:221:1
   |
LL | fn issue_2343() {}
   | ^

error: item must be `pub`
  --> tests/ui/doc/doc-fixable.rs:225:1
   |
LL | fn pulldown_cmark_crash() {}
   | ^ help: make this item public: `pub`

error: function must be `unsafe`
  --> tests/ui/doc/doc-fixable.rs:225:1
   |
LL | fn pulldown_cmark_crash() {}
   | ^
   |
help: make this function unsafe: `unsafe`
  --> tests/ui/doc/doc-fixable.rs:225:1
   |
LL | fn pulldown_cmark_crash() {}
   | ^

error: item must be `pub`
  --> tests/ui/doc/doc-fixable.rs:230:1
   |
LL | fn intra_doc_link() {}
   | ^ help: make this item public: `pub`

error: function must be `unsafe`
  --> tests/ui/doc/doc-fixable.rs:230:1
   |
LL | fn intra_doc_link() {}
   | ^
   |
help: make this function unsafe: `unsafe`
  --> tests/ui/doc/doc-fixable.rs:230:1
   |
LL | fn intra_doc_link() {}
   | ^

error: item must be `pub`
  --> tests/ui/doc/doc-fixable.rs:237:1
   |
LL | fn issue_2581() {}
   | ^ help: make this item public: `pub`

error: function must be `unsafe`
  --> tests/ui/doc/doc-fixable.rs:237:1
   |
LL | fn issue_2581() {}
   | ^
   |
help: make this function unsafe: `unsafe`
  --> tests/ui/doc/doc-fixable.rs:237:1
   |
LL | fn issue_2581() {}
   | ^

error: item must be `pub`
  --> tests/ui/doc/doc-fixable.rs:241:1
   |
LL | fn lint_after_escaped_chars() {}
   | ^ help: make this item public: `pub`

error: function must be `unsafe`
  --> tests/ui/doc/doc-fixable.rs:241:1
   |
LL | fn lint_after_escaped_chars() {}
   | ^
   |
help: make this function unsafe: `unsafe`
  --> tests/ui/doc/doc-fixable.rs:241:1
   |
LL | fn lint_after_escaped_chars() {}
   | ^

error: item must be `pub`
  --> tests/ui/doc/doc-fixable.rs:244:1
   |
LL | struct S<T, const N: usize>
   | ^ help: make this item public: `pub`

error: item must be `pub`
  --> tests/ui/doc/doc-fixable.rs:250:1
   |
LL | impl<T: Copy + Default, const N: usize> S<T, N>
   | ^ help: make this item public: `pub`

error: function must be `unsafe`
  --> tests/ui/doc/doc-fixable.rs:252:5
   |
LL |     fn new() -> Self {
   |     ^
   |
help: make this function unsafe: `unsafe`
  --> tests/ui/doc/doc-fixable.rs:252:5
   |
LL |     fn new() -> Self {
   |     ^

error: item must be `pub`
  --> tests/ui/doc/doc-fixable.rs:261:1
   |
LL | fn issue_11568() {}
   | ^ help: make this item public: `pub`

error: function must be `unsafe`
  --> tests/ui/doc/doc-fixable.rs:261:1
   |
LL | fn issue_11568() {}
   | ^
   |
help: make this function unsafe: `unsafe`
  --> tests/ui/doc/doc-fixable.rs:261:1
   |
LL | fn issue_11568() {}
   | ^

error: item must be `pub`
  --> tests/ui/doc/doc-fixable.rs:266:1
   |
LL | fn parenthesized_word() {}
   | ^ help: make this item public: `pub`

error: function must be `unsafe`
  --> tests/ui/doc/doc-fixable.rs:266:1
   |
LL | fn parenthesized_word() {}
   | ^
   |
help: make this function unsafe: `unsafe`
  --> tests/ui/doc/doc-fixable.rs:266:1
   |
LL | fn parenthesized_word() {}
   | ^

error: item must be `pub`
  --> tests/ui/doc/doc-fixable.rs:272:1
   |
LL | fn plural_acronym_test() {}
   | ^ help: make this item public: `pub`

error: function must be `unsafe`
  --> tests/ui/doc/doc-fixable.rs:272:1
   |
LL | fn plural_acronym_test() {}
   | ^
   |
help: make this function unsafe: `unsafe`
  --> tests/ui/doc/doc-fixable.rs:272:1
   |
LL | fn plural_acronym_test() {}
   | ^

error: function must be `unsafe`
  --> tests/ui/doc/doc-fixable.rs:277:5
   |
LL |     fn in_extern();
   |     ^
   |
help: make this function unsafe: `unsafe`
  --> tests/ui/doc/doc-fixable.rs:277:5
   |
LL |     fn in_extern();
   |     ^

error: item must be `pub`
  --> tests/ui/doc/doc-fixable.rs:282:1
   |
LL | fn check_autofix_for_base_urls() {}
   | ^ help: make this item public: `pub`

error: function must be `unsafe`
  --> tests/ui/doc/doc-fixable.rs:282:1
   |
LL | fn check_autofix_for_base_urls() {}
   | ^
   |
help: make this function unsafe: `unsafe`
  --> tests/ui/doc/doc-fixable.rs:282:1
   |
LL | fn check_autofix_for_base_urls() {}
   | ^

error: lint `clippy::safe_fn` has been renamed to `clippy::safe_code`
   |
   = help: use the new name `clippy::safe_code`
   = note: requested on the command line with `-D clippy::safe_fn`
   = note: duplicate diagnostic emitted due to `-Z deduplicate-diagnostics=no`

error: missing `#![no_std]`
   |
   = help: make this crate `#![no_std]`
   = note: requested on the command line with `-D clippy::missing-no-std`

error: aborting due to 58 previous errors

