error: lint `clippy::safe_fn` has been renamed to `clippy::safe_code`
   |
   = help: use the new name `clippy::safe_code`
   = note: requested on the command line with `-D clippy::safe_fn`
   = note: `-D renamed-and-removed-lints` implied by `-D warnings`
   = help: to override `-D warnings` add `#[allow(renamed_and_removed_lints)]`

error: lint `clippy::safe_fn` has been renamed to `clippy::safe_code`
   |
   = help: use the new name `clippy::safe_code`
   = note: requested on the command line with `-D clippy::safe_fn`
   = note: duplicate diagnostic emitted due to `-Z deduplicate-diagnostics=no`

error: item must be `pub`
  --> tests/ui/crashes/ice-9238.rs:7:1
   |
LL | const fn f() -> usize {
   | ^ help: make this item public: `pub`
   |
   = note: requested on the command line with `-D clippy::missing-pub`

error: function must be `unsafe`
  --> tests/ui/crashes/ice-9238.rs:7:7
   |
LL | const fn f() -> usize {
   |       ^
   |
help: make this function unsafe: `unsafe`
  --> tests/ui/crashes/ice-9238.rs:7:7
   |
LL | const fn f() -> usize {
   |       ^
   = note: `-D clippy::safe-code` implied by `-D clippy::safe-fn`
   = help: to override `-D clippy::safe-fn` add `#[allow(clippy::safe_code)]`

error: item must be `pub`
  --> tests/ui/crashes/ice-9238.rs:10:1
   |
LL | const C: [f64; f()] = [0f64; f()];
   | ^ help: make this item public: `pub`

error: item must be `pub`
  --> tests/ui/crashes/ice-9238.rs:12:1
   |
LL | fn main() {
   | ^ help: make this item public: `pub`

error: function must be `unsafe`
  --> tests/ui/crashes/ice-9238.rs:12:1
   |
LL | fn main() {
   | ^
   |
help: make this function unsafe: `unsafe`
  --> tests/ui/crashes/ice-9238.rs:12:1
   |
LL | fn main() {
   | ^

error: lint `clippy::safe_fn` has been renamed to `clippy::safe_code`
   |
   = help: use the new name `clippy::safe_code`
   = note: requested on the command line with `-D clippy::safe_fn`
   = note: duplicate diagnostic emitted due to `-Z deduplicate-diagnostics=no`

error: missing `#![no_std]`
   |
   = help: make this crate `#![no_std]`
   = note: requested on the command line with `-D clippy::missing-no-std`

error: aborting due to 9 previous errors

